<p>The project information:</p>
<table class="project-info">
<tr><th colspan="2">Project Info: The core project</th></tr>
  <tr><th>Artifact</th><td><div>com.lightbend</div>
  <div>coreId</div>
  <div>0.1.2.3</div>
  <div><a href="snapshots.html">Snapshots are available</a></div>
  </td></tr>
  <tr><th>JDK versions</th><td><div>OpenJDK 8</div></td></tr>
  <tr><th>Scala versions</th><td>2.12.7, 2.11.12</td></tr>
  <tr><th>JPMS module name</th><td>alpakka.core</td></tr>
  <tr><th>License</th><td><div><a href="http://opensource.org/licenses/Apache-2.0" target="_blank" rel="noopener noreferrer">Apache-2.0</a></div>
  </td></tr>
  <tr><th>Readiness level</th><td><div class="readiness-level"><a href="https://developer.lightbend.com/docs/reactive-platform/2.0/support-terminology/index.html#supported" target="_blank" rel="noopener noreferrer">Supported</a>, <a href="https://www.lightbend.com/subscription" target="_blank">Lightbend Subscription</a> provides support</div>
  <div>Since 0.22, 2018-11-22</div>
  </td></tr>
  <tr><th>Home page</th><td><a href="https://github.com/lightbend/sbt-paradox-project-info">https://github.com/lightbend/sbt-paradox-project-info</a></td></tr>
  <tr><th>API documentation</th><td>
  <div><a href="https://developer.lightbend.com/docs/api/alpakka/snapshot/akka/stream/alpakka/index.html" target="_blank" rel="noopener noreferrer">Scaladoc</a></div>
  </td></tr>
  <tr><th>Forums</th><td>
  <div><a href="https://discuss.lightbend.com/c/akka/" target="_blank" rel="noopener noreferrer">Lightbend Discuss</a></div>
  <div><a href="https://gitter.im/akka/alpakka-kafka" target="_blank" rel="noopener noreferrer">akka/alpakka-kafka Gitter channel</a></div>
  </td></tr>
  <tr><th>Release notes</th><td><a href="https://github.com/lightbend/sbt-paradox-project-info/releases" target="_blank" rel="noopener noreferrer">Github releases</a></td></tr>
  <tr><th>Issues</th><td><a href="https://github.com/lightbend/sbt-paradox-project-info/issues" target="_blank" rel="noopener noreferrer">Github issues</a></td></tr>
  <tr><th>Sources</th><td><a href="https://github.com/lightbend/sbt-paradox-project-info" target="_blank" rel="noopener noreferrer">https://github.com/lightbend/sbt-paradox-project-info</a></td></tr>
</table>
